{
  "name": "fallback_greedy_expected",
  "description": "Test deterministic fallback scheduler with expected placements and reason codes",
  "tasks": [
    {
      "id": "urgent_task",
      "title": "Urgent Assignment",
      "kind": "assignment",
      "estimated_minutes": 90,
      "min_block_minutes": 45,
      "max_block_minutes": 90,
      "deadline": "2025-09-26T15:00:00",
      "weight": 3.0,
      "created_at": "2025-09-25T08:00:00"
    },
    {
      "id": "normal_task",
      "title": "Normal Study",
      "kind": "study",
      "estimated_minutes": 120,
      "min_block_minutes": 30,
      "max_block_minutes": 60,
      "deadline": "2025-09-27T23:59:00",
      "weight": 2.0,
      "created_at": "2025-09-25T09:00:00"
    },
    {
      "id": "impossible_task",
      "title": "Impossible Task",
      "kind": "project",
      "estimated_minutes": 300,
      "min_block_minutes": 150,
      "deadline": "2025-09-26T11:00:00",
      "weight": 2.5,
      "created_at": "2025-09-25T10:00:00"
    },
    {
      "id": "late_task",
      "title": "Already Past Deadline",
      "kind": "assignment",
      "estimated_minutes": 60,
      "min_block_minutes": 30,
      "deadline": "2025-09-26T08:00:00",
      "weight": 1.0,
      "created_at": "2025-09-25T11:00:00"
    }
  ],
  "availability": [
    {
      "start": "2025-09-26T09:00:00",
      "end": "2025-09-26T17:00:00"
    }
  ],
  "busy_events": [
    {
      "id": "lunch_meeting",
      "title": "Lunch Meeting",
      "start": "2025-09-26T12:00:00",
      "end": "2025-09-26T13:00:00",
      "hard": true
    }
  ],
  "preferences": {
    "timezone": "UTC",
    "workday_start": "09:00",
    "workday_end": "17:00",
    "max_daily_effort_minutes": 420,
    "session_granularity_minutes": 30
  },
  "solver_config": {
    "force_timeout": true,
    "timeout_ms": 1
  },
  "expected": {
    "feasible": true,
    "fallback_used": true,
    "solver_status": "greedy_fallback",
    "scheduled_tasks": ["urgent_task", "normal_task"],
    "unscheduled_tasks": ["impossible_task", "late_task"],
    "unscheduled_reasons": {
      "impossible_task": "insufficient_contiguous_time",
      "late_task": "after_deadline"
    },
    "task_order": ["urgent_task", "normal_task", "impossible_task", "late_task"],
    "expected_blocks": [
      {
        "task_id": "urgent_task",
        "start": "2025-09-26T09:00:00",
        "duration_minutes": 90,
        "reason": "earliest_fit_urgent"
      },
      {
        "task_id": "normal_task",
        "start": "2025-09-26T10:30:00",
        "duration_minutes": 60,
        "reason": "first_block_fits"
      },
      {
        "task_id": "normal_task",
        "start": "2025-09-26T13:00:00",
        "duration_minutes": 60,
        "reason": "second_block_after_lunch"
      }
    ],
    "determinism_runs": 3
  },
  "metadata": {
    "category": "fallback",
    "complexity": "medium",
    "test_type": "deterministic_fallback_expected"
  }
}